// Jest Snapshot v1, https://goo.gl/fbAQLP

exports[`Todos should render component 1`] = `
<div>
  <h3
    style="color: blue;"
  >
    Loading...
  </h3>
</div>
`;

exports[`Todos should render component after api call 1`] = `
<div>
  <div
    style="display: flex; flex-direction: column; align-items: center; flex: 1;"
  >
    <h3
      id="h3"
    >
      To-Do App
    </h3>
    <form>
      <input
        type="text"
      />
      <button
        type="submit"
      >
        Add Todo
      </button>
    </form>
    <div
      style="width: 100%; display: flex; flex-direction: column; justify-content: space-between; flex: 1;"
    >
      <div
        style="flex: 1;"
      >
        <div
          style="display: flex; margin: 10px;"
        >
          <input
            checked=""
            type="checkbox"
          />
          <span
            style="flex: 1; text-decoration: line-through;"
          >
            add new todo
          </span>
          <button
            type="button"
          >
            Delete
          </button>
        </div>
      </div>
      <div
        style="display: flex;"
      >
        <button
          data-testid="btn-all"
          style="flex: 1; justify-content: center; align-items: center;"
          type="button"
        >
          All
        </button>
        <button
          data-testid="btn-pending"
          style="flex: 1; justify-content: center; align-items: center;"
          type="button"
        >
          Pending
        </button>
        <button
          data-testid="btn-completed"
          style="flex: 1; justify-content: center; align-items: center;"
          type="button"
        >
          Completed
        </button>
      </div>
    </div>
  </div>
</div>
`;
